// Jest Snapshot v1, https://goo.gl/fbAQLP

exports[`Filter Should match Filter snapshot 1`] = `
<FilterWrapper>
  <Provider
    store={
      Object {
        "dispatch": [Function],
        "getState": [Function],
        "replaceReducer": [Function],
        "subscribe": [Function],
        Symbol(observable): [Function],
      }
    }
  >
    <Filter>
      <styled.div>
        <div
          className="sc-hKgILt dVKjjV"
        >
          <styled.h2>
            <h2
              className="sc-eCssSg dLfefh"
            >
               Søk etter aktiviteter: 
            </h2>
          </styled.h2>
          <SearchField
            submitFunction={[Function]}
            tittel="søkeord"
          >
            <div>
              <form
                onSubmit={[Function]}
              >
                <label
                  className="filterSearchInputLabel"
                >
                  Skriv inn søkeord ...
                  <input
                    className="filterSearchInput"
                    onChange={[Function]}
                    type="text"
                    value=""
                  />
                </label>
              </form>
              <button
                className="inputButton"
                onClick={[Function]}
                type="submit"
              >
                Legg til søkeord
              </button>
            </div>
          </SearchField>
          <SearchField
            submitFunction={[Function]}
            tittel="sted"
          >
            <div>
              <form
                onSubmit={[Function]}
              >
                <label
                  className="filterSearchInputLabel"
                >
                  Skriv inn sted ...
                  <input
                    className="filterSearchInput"
                    onChange={[Function]}
                    type="text"
                    value=""
                  />
                </label>
              </form>
              <button
                className="inputButton"
                onClick={[Function]}
                type="submit"
              >
                Legg til sted
              </button>
            </div>
          </SearchField>
          <styled.div>
            <div
              className="sc-jSgupP ZVJFN"
            >
              <DropDown
                addFunction={[Function]}
                items={Array []}
                tittel="Kategori"
              >
                <form>
                  <label
                    className="dropDownLabel"
                  >
                    Kategori :
                  </label>
                  <select
                    className="dropDownWrapper"
                    onChange={[Function]}
                  >
                    <option
                      className="dropDownItemTitle"
                    >
                      -- Velg Kategori: --
                    </option>
                  </select>
                </form>
              </DropDown>
              <DropDown
                addFunction={[Function]}
                items={Array []}
                tittel="Utstyr"
              >
                <form>
                  <label
                    className="dropDownLabel"
                  >
                    Utstyr :
                  </label>
                  <select
                    className="dropDownWrapper"
                    onChange={[Function]}
                  >
                    <option
                      className="dropDownItemTitle"
                    >
                      -- Velg Utstyr: --
                    </option>
                  </select>
                </form>
              </DropDown>
              <DropDown
                addFunction={[Function]}
                items={Array []}
                tittel="Organisasjon"
              >
                <form>
                  <label
                    className="dropDownLabel"
                  >
                    Organisasjon :
                  </label>
                  <select
                    className="dropDownWrapper"
                    onChange={[Function]}
                  >
                    <option
                      className="dropDownItemTitle"
                    >
                      -- Velg Organisasjon: --
                    </option>
                  </select>
                </form>
              </DropDown>
              <DropDown
                addFunction={[Function]}
                items={
                  Array [
                    "Intensitet = 1",
                    "Intensitet = 2",
                    "Intensitet = 3",
                    "Intensitet = 4",
                    "Intensitet = 5",
                  ]
                }
                tittel="Intensistet"
              >
                <form>
                  <label
                    className="dropDownLabel"
                  >
                    Intensistet :
                  </label>
                  <select
                    className="dropDownWrapper"
                    onChange={[Function]}
                  >
                    <option
                      className="dropDownItemTitle"
                    >
                      -- Velg Intensistet: --
                    </option>
                    <option
                      className="dropDownItem"
                      key="Intensitet = 1"
                      value="Intensitet = 1"
                    >
                       
                      Intensitet = 1
                       
                    </option>
                    <option
                      className="dropDownItem"
                      key="Intensitet = 2"
                      value="Intensitet = 2"
                    >
                       
                      Intensitet = 2
                       
                    </option>
                    <option
                      className="dropDownItem"
                      key="Intensitet = 3"
                      value="Intensitet = 3"
                    >
                       
                      Intensitet = 3
                       
                    </option>
                    <option
                      className="dropDownItem"
                      key="Intensitet = 4"
                      value="Intensitet = 4"
                    >
                       
                      Intensitet = 4
                       
                    </option>
                    <option
                      className="dropDownItem"
                      key="Intensitet = 5"
                      value="Intensitet = 5"
                    >
                       
                      Intensitet = 5
                       
                    </option>
                  </select>
                </form>
              </DropDown>
            </div>
          </styled.div>
          <SelectedFilters
            filters={Array []}
            tittel="Utvalgte filtre: "
          >
            <styled.div>
              <div
                className="sc-gKsewC eMVLaw"
              >
                <p>
                  Utvalgte filtre: 
                </p>
              </div>
            </styled.div>
          </SelectedFilters>
          <Button
            onClickFunc={[Function]}
            text="Klikk for å nulstille filtre"
          >
            <styled.div
              onClick={[Function]}
              style={
                Object {
                  "backgroundColor": "#ff4e37",
                  "color": "white",
                  "minWidth": "8em",
                }
              }
            >
              <div
                className="sc-bdfBwQ jzdiim"
                onClick={[Function]}
                style={
                  Object {
                    "backgroundColor": "#ff4e37",
                    "color": "white",
                    "minWidth": "8em",
                  }
                }
              >
                <styled.div>
                  <div
                    className="sc-gsTCUz dfTHCv"
                  >
                    Klikk for å nulstille filtre
                  </div>
                </styled.div>
              </div>
            </styled.div>
          </Button>
        </div>
      </styled.div>
    </Filter>
  </Provider>
</FilterWrapper>
`;
