// Jest Snapshot v1, https://goo.gl/fbAQLP

exports[`Header Should match Header snapshot 1`] = `
<HeaderWrapper>
  <Provider
    store={
      Object {
        "dispatch": [Function],
        "getState": [Function],
        "replaceReducer": [Function],
        "subscribe": [Function],
        Symbol(observable): [Function],
      }
    }
  >
    <Header>
      <styled.div>
        <div
          className="sc-iktFzd uGybn"
        >
          <styled.div
            onClick={[Function]}
          >
            <div
              className="sc-cBNfnY bDxDMJ"
              onClick={[Function]}
            >
              Gj√∏r No'
            </div>
          </styled.div>
          <styled.div>
            <div
              className="sc-gWHgXt bcglBl"
            >
              <styled.div
                onClick={[Function]}
              >
                <div
                  className="sc-hiSbYr hZBClG"
                  onClick={[Function]}
                >
                  Aktiviteter
                </div>
              </styled.div>
              <styled.div
                onClick={[Function]}
              >
                <div
                  className="sc-hiSbYr hZBClG"
                  onClick={[Function]}
                >
                  Arrangementer
                </div>
              </styled.div>
            </div>
          </styled.div>
          <styled.div
            onClick={[Function]}
          >
            <div
              className="sc-jJEJSO cgHETT"
              onClick={[Function]}
            >
              Logg inn
            </div>
          </styled.div>
        </div>
      </styled.div>
    </Header>
  </Provider>
</HeaderWrapper>
`;
